// Jest Snapshot v1, https://goo.gl/fbAQLP

exports[`cd suite invalid cases empty path 1`] = `"path can not be empty."`;

exports[`cd suite invalid cases nested cd to a file 1`] = `"path does not exist."`;
