// Jest Snapshot v1, https://goo.gl/fbAQLP

exports[`cat should list contents of file with path 1`] = `"<li><div id=\\"input-container\\" spellcheck=\\"false\\"><form><span data-testid=\\"input-prompt-path\\">/</span>&nbsp;<span id=\\"inputPrompt\\">$&gt;</span><input aria-label=\\"terminal-input\\" type=\\"text\\" readonly=\\"\\" value=\\"cat home/file1.txt\\"></form></div><span class=\\"commandResult\\">Contents of file 1</span></li>"`;

exports[`cat should show error when cat on invalid path 1`] = `"<li><div id=\\"input-container\\" spellcheck=\\"false\\"><form><span data-testid=\\"input-prompt-path\\">/</span>&nbsp;<span id=\\"inputPrompt\\">$&gt;</span><input aria-label=\\"terminal-input\\" type=\\"text\\" readonly=\\"\\" value=\\"cat invalid.txt\\"></form></div><span class=\\"commandResult\\">Error: Invalid target path</span></li>"`;

exports[`cat should show error when cat on non file 1`] = `"<li><div id=\\"input-container\\" spellcheck=\\"false\\"><form><span data-testid=\\"input-prompt-path\\">/</span>&nbsp;<span id=\\"inputPrompt\\">$&gt;</span><input aria-label=\\"terminal-input\\" type=\\"text\\" readonly=\\"\\" value=\\"cat home\\"></form></div><span class=\\"commandResult\\">Error: Target is not a file</span></li>"`;

exports[`cd should cd one level 1`] = `"<li><div id=\\"input-container\\" spellcheck=\\"false\\"><form><span data-testid=\\"input-prompt-path\\">/</span>&nbsp;<span id=\\"inputPrompt\\">$&gt;</span><input aria-label=\\"terminal-input\\" type=\\"text\\" readonly=\\"\\" value=\\"cd home\\"></form></div><span class=\\"commandResult\\"></span></li>"`;

exports[`cd should handle invalid cd 1`] = `"<li><div id=\\"input-container\\" spellcheck=\\"false\\"><form><span data-testid=\\"input-prompt-path\\">/</span>&nbsp;<span id=\\"inputPrompt\\">$&gt;</span><input aria-label=\\"terminal-input\\" type=\\"text\\" readonly=\\"\\" value=\\"cd invalid\\"></form></div><span class=\\"commandResult\\">Error: path does not exist: invalid</span></li>"`;

exports[`cd should multiple levels with .. 1`] = `"<li><div id=\\"input-container\\" spellcheck=\\"false\\"><form><span data-testid=\\"input-prompt-path\\">/</span>&nbsp;<span id=\\"inputPrompt\\">$&gt;</span><input aria-label=\\"terminal-input\\" type=\\"text\\" readonly=\\"\\" value=\\"cd home/../home/user/../user/test\\"></form></div><span class=\\"commandResult\\"></span></li>"`;

exports[`cd should support cd with absolute path from nested path 1`] = `"<li><div id=\\"input-container\\" spellcheck=\\"false\\"><form><span data-testid=\\"input-prompt-path\\">/</span>&nbsp;<span id=\\"inputPrompt\\">$&gt;</span><input aria-label=\\"terminal-input\\" type=\\"text\\" readonly=\\"\\" value=\\"cd /home/user\\"></form></div><span class=\\"commandResult\\"></span></li>"`;

exports[`cd should support cd with absolute path from nested path 2`] = `"<li><div id=\\"input-container\\" spellcheck=\\"false\\"><form><span data-testid=\\"input-prompt-path\\">/</span>&nbsp;<span id=\\"inputPrompt\\">$&gt;</span><input aria-label=\\"terminal-input\\" type=\\"text\\" readonly=\\"\\" value=\\"cd /home/user\\"></form></div><span class=\\"commandResult\\"></span></li><li><div id=\\"input-container\\" spellcheck=\\"false\\"><form><span data-testid=\\"input-prompt-path\\">/home/user</span>&nbsp;<span id=\\"inputPrompt\\">$&gt;</span><input aria-label=\\"terminal-input\\" type=\\"text\\" readonly=\\"\\" value=\\"cd /home\\"></form></div><span class=\\"commandResult\\"></span></li>"`;

exports[`general invalid command 1`] = `"<li><div id=\\"input-container\\" spellcheck=\\"false\\"><form><span data-testid=\\"input-prompt-path\\">/</span>&nbsp;<span id=\\"inputPrompt\\">$&gt;</span><input aria-label=\\"terminal-input\\" type=\\"text\\" readonly=\\"\\" value=\\"invalid-command\\"></form></div><span class=\\"commandResult\\">command not found: invalid-command</span></li>"`;

exports[`help should print help menu 1`] = `"<li><div id=\\"input-container\\" spellcheck=\\"false\\"><form><span data-testid=\\"input-prompt-path\\">/</span>&nbsp;<span id=\\"inputPrompt\\">$&gt;</span><input aria-label=\\"terminal-input\\" type=\\"text\\" readonly=\\"\\" value=\\"help\\"></form></div><span class=\\"commandResult\\"><div id=\\"help-container\\"><ul aria-label=\\"help-menu\\"><li><span class=\\"help-command-name\\">cd</span> - <span>Changes the current working directory</span></li><li><span class=\\"help-command-name\\">pwd</span> - <span>Prints the current working directory</span></li><li><span class=\\"help-command-name\\">ls</span> - <span>Lists the contents of the given directory</span></li><li><span class=\\"help-command-name\\">mkdir</span> - <span>Creates a folder for a given path in the filesystem</span></li><li><span class=\\"help-command-name\\">cat</span> - <span>Shows the contents of a file</span></li><li><span class=\\"help-command-name\\">rm</span> - <span>Removes a file or directory</span></li><li><span class=\\"help-command-name\\">help</span> - <span>Prints list of available commands</span></li></ul></div></span></li>"`;

exports[`ls should correctly return contents for absolute path from nested path 1`] = `"<li><div id=\\"input-container\\" spellcheck=\\"false\\"><form><span data-testid=\\"input-prompt-path\\">/</span>&nbsp;<span id=\\"inputPrompt\\">$&gt;</span><input aria-label=\\"terminal-input\\" type=\\"text\\" readonly=\\"\\" value=\\"cd home\\"></form></div><span class=\\"commandResult\\"></span></li><li><div id=\\"input-container\\" spellcheck=\\"false\\"><form><span data-testid=\\"input-prompt-path\\">/home</span>&nbsp;<span id=\\"inputPrompt\\">$&gt;</span><input aria-label=\\"terminal-input\\" type=\\"text\\" readonly=\\"\\" value=\\"ls /home/user\\"></form></div><span class=\\"commandResult\\"><ul class=\\"terminal-ls-list\\"><li class=\\"ls-folder\\"> <span>test</span></li></ul></span></li>"`;

exports[`ls should correctly return contents for given relative directory from nested path 1`] = `"<li><div id=\\"input-container\\" spellcheck=\\"false\\"><form><span data-testid=\\"input-prompt-path\\">/</span>&nbsp;<span id=\\"inputPrompt\\">$&gt;</span><input aria-label=\\"terminal-input\\" type=\\"text\\" readonly=\\"\\" value=\\"cd home\\"></form></div><span class=\\"commandResult\\"></span></li><li><div id=\\"input-container\\" spellcheck=\\"false\\"><form><span data-testid=\\"input-prompt-path\\">/home</span>&nbsp;<span id=\\"inputPrompt\\">$&gt;</span><input aria-label=\\"terminal-input\\" type=\\"text\\" readonly=\\"\\" value=\\"ls user\\"></form></div><span class=\\"commandResult\\"><ul class=\\"terminal-ls-list\\"><li class=\\"ls-folder\\"> <span>test</span></li></ul></span></li>"`;

exports[`ls should correctly return contents for given relative directory from root 1`] = `"<li><div id=\\"input-container\\" spellcheck=\\"false\\"><form><span data-testid=\\"input-prompt-path\\">/</span>&nbsp;<span id=\\"inputPrompt\\">$&gt;</span><input aria-label=\\"terminal-input\\" type=\\"text\\" readonly=\\"\\" value=\\"ls home\\"></form></div><span class=\\"commandResult\\"><ul class=\\"terminal-ls-list\\"><li class=\\"ls-folder\\"> <span>user</span></li><li class=\\"ls-folder\\"> <span>videos</span></li><li class=\\"ls-file\\"> <span>dog.png</span></li><li class=\\"ls-file\\"> <span>file1.txt</span></li></ul></span></li>"`;

exports[`ls should handle invalid directory for ls 1`] = `"<li><div id=\\"input-container\\" spellcheck=\\"false\\"><form><span data-testid=\\"input-prompt-path\\">/</span>&nbsp;<span id=\\"inputPrompt\\">$&gt;</span><input aria-label=\\"terminal-input\\" type=\\"text\\" readonly=\\"\\" value=\\"ls invalid\\"></form></div><span class=\\"commandResult\\">Error: Target folder does not exist</span></li>"`;

exports[`ls should list all content from current directory 1`] = `"<li><div id=\\"input-container\\" spellcheck=\\"false\\"><form><span data-testid=\\"input-prompt-path\\">/</span>&nbsp;<span id=\\"inputPrompt\\">$&gt;</span><input aria-label=\\"terminal-input\\" type=\\"text\\" readonly=\\"\\" value=\\"ls\\"></form></div><span class=\\"commandResult\\"><ul class=\\"terminal-ls-list\\"><li class=\\"ls-folder\\"> <span>home</span></li><li class=\\"ls-folder\\"> <span>docs</span></li><li class=\\"ls-file\\"> <span>file3.txt</span></li></ul></span></li>"`;

exports[`mkdir should create new directory from nested path 1`] = `"<li><div id=\\"input-container\\" spellcheck=\\"false\\"><form><span data-testid=\\"input-prompt-path\\">/</span>&nbsp;<span id=\\"inputPrompt\\">$&gt;</span><input aria-label=\\"terminal-input\\" type=\\"text\\" readonly=\\"\\" value=\\"cd home\\"></form></div><span class=\\"commandResult\\"></span></li>"`;

exports[`mkdir should create new directory from nested path 2`] = `"<li><div id=\\"input-container\\" spellcheck=\\"false\\"><form><span data-testid=\\"input-prompt-path\\">/</span>&nbsp;<span id=\\"inputPrompt\\">$&gt;</span><input aria-label=\\"terminal-input\\" type=\\"text\\" readonly=\\"\\" value=\\"cd home\\"></form></div><span class=\\"commandResult\\"></span></li><li><div id=\\"input-container\\" spellcheck=\\"false\\"><form><span data-testid=\\"input-prompt-path\\">/home</span>&nbsp;<span id=\\"inputPrompt\\">$&gt;</span><input aria-label=\\"terminal-input\\" type=\\"text\\" readonly=\\"\\" value=\\"mkdir banana\\"></form></div><span class=\\"commandResult\\">Folder created: banana</span></li>"`;

exports[`mkdir should create new directory from nested path 3`] = `"<li><div id=\\"input-container\\" spellcheck=\\"false\\"><form><span data-testid=\\"input-prompt-path\\">/</span>&nbsp;<span id=\\"inputPrompt\\">$&gt;</span><input aria-label=\\"terminal-input\\" type=\\"text\\" readonly=\\"\\" value=\\"cd home\\"></form></div><span class=\\"commandResult\\"></span></li><li><div id=\\"input-container\\" spellcheck=\\"false\\"><form><span data-testid=\\"input-prompt-path\\">/home</span>&nbsp;<span id=\\"inputPrompt\\">$&gt;</span><input aria-label=\\"terminal-input\\" type=\\"text\\" readonly=\\"\\" value=\\"mkdir banana\\"></form></div><span class=\\"commandResult\\">Folder created: banana</span></li><li><div id=\\"input-container\\" spellcheck=\\"false\\"><form><span data-testid=\\"input-prompt-path\\">/home</span>&nbsp;<span id=\\"inputPrompt\\">$&gt;</span><input aria-label=\\"terminal-input\\" type=\\"text\\" readonly=\\"\\" value=\\"cd /home/banana\\"></form></div><span class=\\"commandResult\\"></span></li>"`;

exports[`mkdir should create new directory from root 1`] = `"<li><div id=\\"input-container\\" spellcheck=\\"false\\"><form><span data-testid=\\"input-prompt-path\\">/</span>&nbsp;<span id=\\"inputPrompt\\">$&gt;</span><input aria-label=\\"terminal-input\\" type=\\"text\\" readonly=\\"\\" value=\\"mkdir banana\\"></form></div><span class=\\"commandResult\\">Folder created: banana</span></li>"`;

exports[`mkdir should create new directory from root 2`] = `"<li><div id=\\"input-container\\" spellcheck=\\"false\\"><form><span data-testid=\\"input-prompt-path\\">/</span>&nbsp;<span id=\\"inputPrompt\\">$&gt;</span><input aria-label=\\"terminal-input\\" type=\\"text\\" readonly=\\"\\" value=\\"mkdir banana\\"></form></div><span class=\\"commandResult\\">Folder created: banana</span></li><li><div id=\\"input-container\\" spellcheck=\\"false\\"><form><span data-testid=\\"input-prompt-path\\">/</span>&nbsp;<span id=\\"inputPrompt\\">$&gt;</span><input aria-label=\\"terminal-input\\" type=\\"text\\" readonly=\\"\\" value=\\"cd banana\\"></form></div><span class=\\"commandResult\\"></span></li>"`;

exports[`mkdir should handle invalid mkdir command 1`] = `"<li><div id=\\"input-container\\" spellcheck=\\"false\\"><form><span data-testid=\\"input-prompt-path\\">/</span>&nbsp;<span id=\\"inputPrompt\\">$&gt;</span><input aria-label=\\"terminal-input\\" type=\\"text\\" readonly=\\"\\" value=\\"mkdir home\\"></form></div><span class=\\"commandResult\\">Error: Path already exists</span></li>"`;

exports[`pwd should correctly return current directory 1`] = `"<li><div id=\\"input-container\\" spellcheck=\\"false\\"><form><span data-testid=\\"input-prompt-path\\">/</span>&nbsp;<span id=\\"inputPrompt\\">$&gt;</span><input aria-label=\\"terminal-input\\" type=\\"text\\" readonly=\\"\\" value=\\"pwd\\"></form></div><span class=\\"commandResult\\">/</span></li>"`;

exports[`pwd should correctly return directory after cd 1`] = `"<li><div id=\\"input-container\\" spellcheck=\\"false\\"><form><span data-testid=\\"input-prompt-path\\">/</span>&nbsp;<span id=\\"inputPrompt\\">$&gt;</span><input aria-label=\\"terminal-input\\" type=\\"text\\" readonly=\\"\\" value=\\"cd home/user/test\\"></form></div><span class=\\"commandResult\\"></span></li><li><div id=\\"input-container\\" spellcheck=\\"false\\"><form><span data-testid=\\"input-prompt-path\\">/home/user/test</span>&nbsp;<span id=\\"inputPrompt\\">$&gt;</span><input aria-label=\\"terminal-input\\" type=\\"text\\" readonly=\\"\\" value=\\"pwd\\"></form></div><span class=\\"commandResult\\">/home/user/test</span></li>"`;

exports[`rm should remove file from root 1`] = `"<li><div id=\\"input-container\\" spellcheck=\\"false\\"><form><span data-testid=\\"input-prompt-path\\">/</span>&nbsp;<span id=\\"inputPrompt\\">$&gt;</span><input aria-label=\\"terminal-input\\" type=\\"text\\" readonly=\\"\\" value=\\"rm file3.txt\\"></form></div><span class=\\"commandResult\\"></span></li>"`;

exports[`rm should remove file from root 2`] = `"<li><div id=\\"input-container\\" spellcheck=\\"false\\"><form><span data-testid=\\"input-prompt-path\\">/</span>&nbsp;<span id=\\"inputPrompt\\">$&gt;</span><input aria-label=\\"terminal-input\\" type=\\"text\\" readonly=\\"\\" value=\\"rm file3.txt\\"></form></div><span class=\\"commandResult\\"></span></li><li><div id=\\"input-container\\" spellcheck=\\"false\\"><form><span data-testid=\\"input-prompt-path\\">/</span>&nbsp;<span id=\\"inputPrompt\\">$&gt;</span><input aria-label=\\"terminal-input\\" type=\\"text\\" readonly=\\"\\" value=\\"cat file3.txt\\"></form></div><span class=\\"commandResult\\">Error: Invalid target path</span></li>"`;

exports[`rm should remove folder from parent path 1`] = `"<li><div id=\\"input-container\\" spellcheck=\\"false\\"><form><span data-testid=\\"input-prompt-path\\">/</span>&nbsp;<span id=\\"inputPrompt\\">$&gt;</span><input aria-label=\\"terminal-input\\" type=\\"text\\" readonly=\\"\\" value=\\"cd home/user\\"></form></div><span class=\\"commandResult\\"></span></li><li><div id=\\"input-container\\" spellcheck=\\"false\\"><form><span data-testid=\\"input-prompt-path\\">/home/user</span>&nbsp;<span id=\\"inputPrompt\\">$&gt;</span><input aria-label=\\"terminal-input\\" type=\\"text\\" readonly=\\"\\" value=\\"rm -r ../../docs\\"></form></div><span class=\\"commandResult\\"></span></li>"`;

exports[`rm should remove folder from root 1`] = `"<li><div id=\\"input-container\\" spellcheck=\\"false\\"><form><span data-testid=\\"input-prompt-path\\">/</span>&nbsp;<span id=\\"inputPrompt\\">$&gt;</span><input aria-label=\\"terminal-input\\" type=\\"text\\" readonly=\\"\\" value=\\"rm -r home\\"></form></div><span class=\\"commandResult\\"></span></li>"`;

exports[`rm should remove folder from root 2`] = `"<li><div id=\\"input-container\\" spellcheck=\\"false\\"><form><span data-testid=\\"input-prompt-path\\">/</span>&nbsp;<span id=\\"inputPrompt\\">$&gt;</span><input aria-label=\\"terminal-input\\" type=\\"text\\" readonly=\\"\\" value=\\"rm -r home\\"></form></div><span class=\\"commandResult\\"></span></li><li><div id=\\"input-container\\" spellcheck=\\"false\\"><form><span data-testid=\\"input-prompt-path\\">/</span>&nbsp;<span id=\\"inputPrompt\\">$&gt;</span><input aria-label=\\"terminal-input\\" type=\\"text\\" readonly=\\"\\" value=\\"cd home\\"></form></div><span class=\\"commandResult\\">Error: path does not exist: home</span></li>"`;
