// Jest Snapshot v1, https://goo.gl/fbAQLP

exports[`ls suite should reject if invalid target given 1`] = `"Target folder does not exist"`;

exports[`ls suite should return message if directory and empty 1`] = `"Nothing to show here"`;
