// Jest Snapshot v1, https://goo.gl/fbAQLP

exports[`invalid command 1`] = `"<li>invalid-command : Invalid command</li>"`;
